// Jest Snapshot v1, https://goo.gl/fbAQLP

exports[`<Profile />のレンダリングテスト Snapshot test 1`] = `
<div>
  <div>
    <div>
      My Profile
    </div>
    <div>
      tmtm
    </div>
    <div>
      Time Me
    </div>
  </div>
</div>
`;
